------------------------------------------------------------
TimeQuest Timing Analyzer Summary
------------------------------------------------------------

Type  : Slow Model Setup 'pll0|altpll_component|pll|clk[1]'
Slack : 2.344
TNS   : 0.000

Type  : Slow Model Setup 'pll0|altpll_component|pll|clk[0]'
Slack : 18.509
TNS   : 0.000

Type  : Slow Model Hold 'pll0|altpll_component|pll|clk[0]'
Slack : 0.391
TNS   : 0.000

Type  : Slow Model Hold 'pll0|altpll_component|pll|clk[1]'
Slack : 2.645
TNS   : 0.000

Type  : Slow Model Recovery 'pll0|altpll_component|pll|clk[0]'
Slack : 34.313
TNS   : 0.000

Type  : Slow Model Removal 'pll0|altpll_component|pll|clk[0]'
Slack : 1.049
TNS   : 0.000

Type  : Slow Model Minimum Pulse Width 'pll0|altpll_component|pll|clk[1]'
Slack : 16.391
TNS   : 0.000

Type  : Slow Model Minimum Pulse Width 'pll0|altpll_component|pll|clk[0]'
Slack : 17.518
TNS   : 0.000

Type  : Slow Model Minimum Pulse Width 'CLOCK_27'
Slack : 18.518
TNS   : 0.000

Type  : Fast Model Setup 'pll0|altpll_component|pll|clk[1]'
Slack : 6.010
TNS   : 0.000

Type  : Fast Model Setup 'pll0|altpll_component|pll|clk[0]'
Slack : 23.044
TNS   : 0.000

Type  : Fast Model Hold 'pll0|altpll_component|pll|clk[0]'
Slack : 0.215
TNS   : 0.000

Type  : Fast Model Hold 'pll0|altpll_component|pll|clk[1]'
Slack : 2.318
TNS   : 0.000

Type  : Fast Model Recovery 'pll0|altpll_component|pll|clk[0]'
Slack : 35.634
TNS   : 0.000

Type  : Fast Model Removal 'pll0|altpll_component|pll|clk[0]'
Slack : 0.593
TNS   : 0.000

Type  : Fast Model Minimum Pulse Width 'pll0|altpll_component|pll|clk[1]'
Slack : 16.391
TNS   : 0.000

Type  : Fast Model Minimum Pulse Width 'pll0|altpll_component|pll|clk[0]'
Slack : 17.518
TNS   : 0.000

Type  : Fast Model Minimum Pulse Width 'CLOCK_27'
Slack : 18.518
TNS   : 0.000

------------------------------------------------------------
