------------------------------------------------------------
TimeQuest Timing Analyzer Summary
------------------------------------------------------------

Type  : Slow Model Setup 'pll0|altpll_component|pll|clk[1]'
Slack : 3.328
TNS   : 0.000

Type  : Slow Model Setup 'pll0|altpll_component|pll|clk[0]'
Slack : 14.329
TNS   : 0.000

Type  : Slow Model Hold 'pll0|altpll_component|pll|clk[0]'
Slack : 0.391
TNS   : 0.000

Type  : Slow Model Hold 'pll0|altpll_component|pll|clk[1]'
Slack : 2.645
TNS   : 0.000

Type  : Slow Model Recovery 'pll0|altpll_component|pll|clk[0]'
Slack : 32.349
TNS   : 0.000

Type  : Slow Model Removal 'pll0|altpll_component|pll|clk[0]'
Slack : 4.458
TNS   : 0.000

Type  : Slow Model Minimum Pulse Width 'pll0|altpll_component|pll|clk[1]'
Slack : 16.391
TNS   : 0.000

Type  : Slow Model Minimum Pulse Width 'pll0|altpll_component|pll|clk[0]'
Slack : 17.518
TNS   : 0.000

Type  : Slow Model Minimum Pulse Width 'CLOCK_27'
Slack : 18.518
TNS   : 0.000

Type  : Fast Model Setup 'pll0|altpll_component|pll|clk[1]'
Slack : 6.504
TNS   : 0.000

Type  : Fast Model Setup 'pll0|altpll_component|pll|clk[0]'
Slack : 20.755
TNS   : 0.000

Type  : Fast Model Hold 'pll0|altpll_component|pll|clk[0]'
Slack : 0.215
TNS   : 0.000

Type  : Fast Model Hold 'pll0|altpll_component|pll|clk[1]'
Slack : 2.318
TNS   : 0.000

Type  : Fast Model Recovery 'pll0|altpll_component|pll|clk[0]'
Slack : 34.448
TNS   : 0.000

Type  : Fast Model Removal 'pll0|altpll_component|pll|clk[0]'
Slack : 2.469
TNS   : 0.000

Type  : Fast Model Minimum Pulse Width 'pll0|altpll_component|pll|clk[1]'
Slack : 16.391
TNS   : 0.000

Type  : Fast Model Minimum Pulse Width 'pll0|altpll_component|pll|clk[0]'
Slack : 17.518
TNS   : 0.000

Type  : Fast Model Minimum Pulse Width 'CLOCK_27'
Slack : 18.518
TNS   : 0.000

------------------------------------------------------------
